{"synthetic": false,
 "schemaVersion": "2025-09-10",
 "outputs":
 {"o": ["a0568bdc31c58cff.olean"],
  "m": false,
  "i": "b8c2ab7f80c8191e.ilean",
  "c": "eb34e3816490155e.c"},
 "log":
 [{"message":
   ".> LEAN_PATH=/home/gian/agfarms/bucket-foundation/papers/template/lean/.lake/build/lib/lean /home/gian/.elan/toolchains/leanprover--lean4---v4.33.1/bin/lean /home/gian/agfarms/bucket-foundation/papers/template/lean/Bucket/Example.lean -o /home/gian/agfarms/bucket-foundation/papers/template/lean/.lake/build/lib/lean/Bucket/Example.olean -i /home/gian/agfarms/bucket-foundation/papers/template/lean/.lake/build/lib/lean/Bucket/Example.ilean -c /home/gian/agfarms/bucket-foundation/papers/template/lean/.lake/build/ir/Bucket/Example.c --setup /home/gian/agfarms/bucket-foundation/papers/template/lean/.lake/build/ir/Bucket/Example.setup.json --json",
   "level": "trace"}],
 "inputs":
 [["deps",
   [["bucket_template/Bucket:extraDep",
     [["@bucket_template:extraDep", "00000000000006bb"]]],
    ["imports", "00000000000006bb"]]],
  ["libs",
   [["import dynlibs", "00000000000006bb"],
    ["package external libraries", "00000000000006bb"],
    ["module dynlibs", "00000000000006bb"],
    ["module plugins", "00000000000006bb"]]],
  ["Lean 4.33.1, commit 819816b2e0a3bf405af45ae5c7af2491d8f5bee6",
   "0051240b7c23c453"],
  ["/home/gian/agfarms/bucket-foundation/papers/template/lean/Bucket/Example.lean",
   "2a92e75abfec5919"],
  ["options", "00000000000006bb"],
  ["isModule: false", "feefd2a0d3a1847e"],
  ["Module.name: Bucket.Example", "c5dd489a762e9407"],
  ["Package.id?: (some bucket_template)", "093ff00c1963fbe3"],
  ["Module.leanArgs: #[]", "00000000000006bb"]],
 "depHash": "26aaa2971ee0e895"}